
shivam singh@DESKTOP-SM80U5M MINGW64 ~/eclipse-workspace/Ass9 (master)
$ git init
Initialized empty Git repository in C:/Users/shivam singh/eclipse-workspace/Ass9/.git/

shivam singh@DESKTOP-SM80U5M MINGW64 ~/eclipse-workspace/Ass9 (master)
$ git add .

shivam singh@DESKTOP-SM80U5M MINGW64 ~/eclipse-workspace/Ass9 (master)
$ git log
fatal: your current branch 'master' does not have any commits yet

shivam singh@DESKTOP-SM80U5M MINGW64 ~/eclipse-workspace/Ass9 (master)
$ git status
On branch master

No commits yet

Changes to be committed:
  (use "git rm --cached <file>..." to unstage)
        new file:   .classpath
        new file:   .project
        new file:   .settings/org.eclipse.jdt.core.prefs


shivam singh@DESKTOP-SM80U5M MINGW64 ~/eclipse-workspace/Ass9 (master)
$ git commit -m "First commit"
[master (root-commit) 4c3099d] First commit
 3 files changed, 34 insertions(+)
 create mode 100644 .classpath
 create mode 100644 .project
 create mode 100644 .settings/org.eclipse.jdt.core.prefs

shivam singh@DESKTOP-SM80U5M MINGW64 ~/eclipse-workspace/Ass9 (master)
$ git remote

shivam singh@DESKTOP-SM80U5M MINGW64 ~/eclipse-workspace/Ass9 (master)
$ git remote add origin https://github.com/shivam4399/Assignment9.git

shivam singh@DESKTOP-SM80U5M MINGW64 ~/eclipse-workspace/Ass9 (master)
$ git push -u origin
fatal: The current branch master has no upstream branch.
To push the current branch and set the remote as upstream, use

    git push --set-upstream origin master


shivam singh@DESKTOP-SM80U5M MINGW64 ~/eclipse-workspace/Ass9 (master)
$ git push -u origin master
Enumerating objects: 6, done.
Counting objects: 100% (6/6), done.
Delta compression using up to 4 threads
Compressing objects: 100% (6/6), done.
Writing objects: 100% (6/6), 918 bytes | 153.00 KiB/s, done.
Total 6 (delta 0), reused 0 (delta 0), pack-reused 0
To https://github.com/shivam4399/Assignment9.git
 * [new branch]      master -> master
Branch 'master' set up to track remote branch 'master' from 'origin'.

shivam singh@DESKTOP-SM80U5M MINGW64 ~/eclipse-workspace/Ass9 (master)
$ git log
commit 4c3099d4785ff098f9fbef1128d8b5b2b9949fce (HEAD -> master, origin/master)
Author: shivam <shivam_singh@persistent.com>
Date:   Wed Mar 3 12:23:48 2021 +0530

    First commit

shivam singh@DESKTOP-SM80U5M MINGW64 ~/eclipse-workspace/Ass9 (master)
$ git status
On branch master
Your branch is up to date with 'origin/master'.

Untracked files:
  (use "git add <file>..." to include in what will be committed)
        bin/
        src/

nothing added to commit but untracked files present (use "git add" to track)

shivam singh@DESKTOP-SM80U5M MINGW64 ~/eclipse-workspace/Ass9 (master)
$ git add bin

shivam singh@DESKTOP-SM80U5M MINGW64 ~/eclipse-workspace/Ass9 (master)
$ git add src

shivam singh@DESKTOP-SM80U5M MINGW64 ~/eclipse-workspace/Ass9 (master)
$ git status
On branch master
Your branch is up to date with 'origin/master'.

Changes to be committed:
  (use "git restore --staged <file>..." to unstage)
        new file:   bin/Movies.class
        new file:   src/Movies.java


shivam singh@DESKTOP-SM80U5M MINGW64 ~/eclipse-workspace/Ass9 (master)
$ git status
On branch master
Your branch is up to date with 'origin/master'.

Changes to be committed:
  (use "git restore --staged <file>..." to unstage)
        new file:   bin/Movies.class
        new file:   src/Movies.java

Changes not staged for commit:
  (use "git add/rm <file>..." to update what will be committed)
  (use "git restore <file>..." to discard changes in working directory)
        deleted:    bin/Movies.class
        deleted:    src/Movies.java

Untracked files:
  (use "git add <file>..." to include in what will be committed)
        bin/Category.class
        bin/Language.class
        bin/Movie.class
        src/Category.java
        src/Language.java
        src/Movie.java


shivam singh@DESKTOP-SM80U5M MINGW64 ~/eclipse-workspace/Ass9 (master)
$ git add .

shivam singh@DESKTOP-SM80U5M MINGW64 ~/eclipse-workspace/Ass9 (master)
$ git commit -m "WI1: Movie,Category,Language files are added"
[master a84160e] WI1: Movie,Category,Language files are added
 6 files changed, 191 insertions(+)
 create mode 100644 bin/Category.class
 create mode 100644 bin/Language.class
 create mode 100644 bin/Movie.class
 create mode 100644 src/Category.java
 create mode 100644 src/Language.java
 create mode 100644 src/Movie.java

shivam singh@DESKTOP-SM80U5M MINGW64 ~/eclipse-workspace/Ass9 (master)
$ git log
commit a84160eafdbede09870f6300a67ed4cd98fefcc2 (HEAD -> master)
Author: shivam <shivam_singh@persistent.com>
Date:   Wed Mar 3 13:07:11 2021 +0530

    WI1: Movie,Category,Language files are added

commit 4c3099d4785ff098f9fbef1128d8b5b2b9949fce (origin/master)
Author: shivam <shivam_singh@persistent.com>
Date:   Wed Mar 3 12:23:48 2021 +0530

    First commit

shivam singh@DESKTOP-SM80U5M MINGW64 ~/eclipse-workspace/Ass9 (master)
$ git push -u origin master
Enumerating objects: 11, done.
Counting objects: 100% (11/11), done.
Delta compression using up to 4 threads
Compressing objects: 100% (10/10), done.
Writing objects: 100% (10/10), 4.03 KiB | 516.00 KiB/s, done.
Total 10 (delta 0), reused 0 (delta 0), pack-reused 0
To https://github.com/shivam4399/Assignment9.git
   4c3099d..a84160e  master -> master
Branch 'master' set up to track remote branch 'master' from 'origin'.

shivam singh@DESKTOP-SM80U5M MINGW64 ~/eclipse-workspace/Ass9 (master)
$ git status
On branch master
Your branch is up to date with 'origin/master'.

Changes not staged for commit:
  (use "git add <file>..." to update what will be committed)
  (use "git restore <file>..." to discard changes in working directory)
        modified:   .classpath
        modified:   bin/Movie.class
        modified:   src/Movie.java

Untracked files:
  (use "git add <file>..." to include in what will be committed)
        bin/MovieDriver.class
        src/MovieDriver.java

no changes added to commit (use "git add" and/or "git commit -a")

shivam singh@DESKTOP-SM80U5M MINGW64 ~/eclipse-workspace/Ass9 (master)
$ git add .

shivam singh@DESKTOP-SM80U5M MINGW64 ~/eclipse-workspace/Ass9 (master)
$ git commit -m "WI2: MovieDriver file is created with all the stubs and connection is established from oracle"
[master abfede1] WI2: MovieDriver file is created with all the stubs and connection is established from oracle
 5 files changed, 129 insertions(+), 3 deletions(-)
 create mode 100644 bin/MovieDriver.class
 create mode 100644 src/MovieDriver.java

shivam singh@DESKTOP-SM80U5M MINGW64 ~/eclipse-workspace/Ass9 (master)
$ git log
commit abfede1b57c6d88896460b7d93f2ff2bb1dca797 (HEAD -> master)
Author: shivam <shivam_singh@persistent.com>
Date:   Wed Mar 3 13:26:15 2021 +0530

    WI2: MovieDriver file is created with all the stubs and connection is established from oracle

commit a84160eafdbede09870f6300a67ed4cd98fefcc2 (origin/master)
Author: shivam <shivam_singh@persistent.com>
Date:   Wed Mar 3 13:07:11 2021 +0530

    WI1: Movie,Category,Language files are added

commit 4c3099d4785ff098f9fbef1128d8b5b2b9949fce
Author: shivam <shivam_singh@persistent.com>
Date:   Wed Mar 3 12:23:48 2021 +0530

    First commit

shivam singh@DESKTOP-SM80U5M MINGW64 ~/eclipse-workspace/Ass9 (master)
$ git commit -am "WI3 Tables(movie_table,movie_category,movie_language) are created in the oracle database, Driver movie class is updated with the logic of stubs"
[master fff4e0a] WI3 Tables(movie_table,movie_category,movie_language) are created in the oracle database, Driver movie class is updated with the logic of stubs
 2 files changed, 299 insertions(+), 35 deletions(-)
 rewrite bin/MovieDriver.class (71%)

shivam singh@DESKTOP-SM80U5M MINGW64 ~/eclipse-workspace/Ass9 (master)
$ git push -u origin master
Enumerating objects: 21, done.
Counting objects: 100% (21/21), done.
Delta compression using up to 4 threads
Compressing objects: 100% (15/15), done.
Writing objects: 100% (15/15), 10.58 KiB | 903.00 KiB/s, done.
Total 15 (delta 8), reused 0 (delta 0), pack-reused 0
remote: Resolving deltas: 100% (8/8), completed with 3 local objects.
To https://github.com/shivam4399/Assignment9.git
   a84160e..fff4e0a  master -> master
Branch 'master' set up to track remote branch 'master' from 'origin'.

shivam singh@DESKTOP-SM80U5M MINGW64 ~/eclipse-workspace/Ass9 (master)
$ git commit -am "WI4 Issuse resolved while deserialization"
[master 8818c9f] WI4 Issuse resolved while deserialization
 2 files changed, 9 insertions(+), 7 deletions(-)

shivam singh@DESKTOP-SM80U5M MINGW64 ~/eclipse-workspace/Ass9 (master)
$ git commit -am "WI5 populate method is added to get movie details from file seperated by comma. a file Movies_detail.txt is added which is the source file to read the data"
[master 81c4728] WI5 populate method is added to get movie details from file seperated by comma. a file Movies_detail.txt is added which is the source file to read the data
 2 files changed, 52 insertions(+), 3 deletions(-)
 rewrite bin/MovieDriver.class (86%)

shivam singh@DESKTOP-SM80U5M MINGW64 ~/eclipse-workspace/Ass9 (master)
$ git push -u origin master
Enumerating objects: 17, done.
Counting objects: 100% (17/17), done.
Delta compression using up to 4 threads
Compressing objects: 100% (12/12), done.
Writing objects: 100% (12/12), 10.06 KiB | 936.00 KiB/s, done.
Total 12 (delta 9), reused 0 (delta 0), pack-reused 0
remote: Resolving deltas: 100% (9/9), completed with 5 local objects.
To https://github.com/shivam4399/Assignment9.git
   fff4e0a..81c4728  master -> master
Branch 'master' set up to track remote branch 'master' from 'origin'.

